.next/dev/types/validator.ts(378,31): error TS2344: Type 'typeof import("C:/Users/delar/Downloads/PETROSPHERE_PROJECT/Petrosphere-ems-webapp/app/api/import-excel/route")' does not satisfy the constraint 'RouteHandlerConfig<"/api/import-excel">'.
  The types returned by 'POST(...)' are incompatible between these types.
    Type 'Promise<unknown>' is not assignable to type 'void | Response | Promise<void | Response>'.
      Type 'Promise<unknown>' is not assignable to type 'Promise<void | Response>'.
        Type 'unknown' is not assignable to type 'void | Response'.
.next/types/validator.ts(378,31): error TS2344: Type 'typeof import("C:/Users/delar/Downloads/PETROSPHERE_PROJECT/Petrosphere-ems-webapp/app/api/import-excel/route")' does not satisfy the constraint 'RouteHandlerConfig<"/api/import-excel">'.
  The types returned by 'POST(...)' are incompatible between these types.
    Type 'Promise<unknown>' is not assignable to type 'void | Response | Promise<void | Response>'.
      Type 'Promise<unknown>' is not assignable to type 'Promise<void | Response>'.
        Type 'unknown' is not assignable to type 'void | Response'.
